******************************************************************************
                  MSP430 Linker PC v4.2.1                      
******************************************************************************
>> Linked Thu Dec 24 21:06:46 2015

OUTPUT FILE NAME:   <LogCabin_MCU.out>
ENTRY POINT SYMBOL: "_c_int00"  address: 0000ca92


MEMORY CONFIGURATION

         name            origin    length      used     unused   attr    fill
----------------------  --------  ---------  --------  --------  ----  --------
  SFR                   00000000   00000010  00000000  00000010  RWIX
  PERIPHERALS_8BIT      00000010   000000f0  00000000  000000f0  RWIX
  PERIPHERALS_16BIT     00000100   00000100  00000000  00000100  RWIX
  RAM                   00000200   00000200  0000007c  00000184  RWIX
  INFOD                 00001000   00000040  00000000  00000040  RWIX
  INFOC                 00001040   00000040  00000000  00000040  RWIX
  INFOB                 00001080   00000040  00000000  00000040  RWIX
  INFOA                 000010c0   00000040  00000000  00000040  RWIX
  FLASH                 0000c000   00003fe0  00000c08  000033d8  RWIX
  INT00                 0000ffe0   00000002  00000000  00000002  RWIX
  INT01                 0000ffe2   00000002  00000000  00000002  RWIX
  INT02                 0000ffe4   00000002  00000002  00000000  RWIX
  INT03                 0000ffe6   00000002  00000002  00000000  RWIX
  INT04                 0000ffe8   00000002  00000000  00000002  RWIX
  INT05                 0000ffea   00000002  00000002  00000000  RWIX
  INT06                 0000ffec   00000002  00000002  00000000  RWIX
  INT07                 0000ffee   00000002  00000002  00000000  RWIX
  INT08                 0000fff0   00000002  00000002  00000000  RWIX
  INT09                 0000fff2   00000002  00000002  00000000  RWIX
  INT10                 0000fff4   00000002  00000002  00000000  RWIX
  INT11                 0000fff6   00000002  00000002  00000000  RWIX
  INT12                 0000fff8   00000002  00000002  00000000  RWIX
  INT13                 0000fffa   00000002  00000002  00000000  RWIX
  INT14                 0000fffc   00000002  00000002  00000000  RWIX
  RESET                 0000fffe   00000002  00000002  00000000  RWIX


SECTION ALLOCATION MAP

 output                                  attributes/
section   page    origin      length       input sections
--------  ----  ----------  ----------   ----------------
.init_array 
*          0    0000c000    00000000     UNINITIALIZED

.data      0    00000200    00000027     UNINITIALIZED
                  00000200    0000001e     main.obj (.data)
                  0000021e    00000009     main.obj (.data:ch)

.TI.persistent 
*          0    00000200    00000000     UNINITIALIZED

.bss       0    00000227    00000005     UNINITIALIZED
                  00000227    00000001     (.common:CheckData_temp)
                  00000228    00000001     (.common:DHT11RH_Data_H)
                  00000229    00000001     (.common:DHT11RH_Data_L)
                  0000022a    00000001     (.common:DHT11T_Data_H)
                  0000022b    00000001     (.common:DHT11T_Data_L)

.TI.noinit 
*          0    00000227    00000000     UNINITIALIZED

.stack     0    000003b0    00000050     UNINITIALIZED
                  000003b0    00000002     rts430_eabi.lib : boot.obj (.stack)
                  000003b2    0000004e     --HOLE--

.text      0    0000c000    00000bda     
                  0000c000    000001ae     main.obj (.text:main)
                  0000c1ae    000000b6     DHT11.obj (.text:start_DHT11)
                  0000c264    0000008e     main.obj (.text:Timer_A)
                  0000c2f2    00000074     main.obj (.text:Home_Mode_Romatic)
                  0000c366    0000005e     rts430_eabi.lib : copy_decompress_rle.obj (.text:__TI_decompress_rle_core)
                  0000c3c4    0000005e                     : autoinit.obj (.text:_auto_init)
                  0000c422    0000004a     DHT11.obj (.text:DHT11_ReadChar)
                  0000c46c    00000042     wx315.obj (.text:v3)
                  0000c4ae    00000040     DHT11.obj (.text:dht11)
                  0000c4ee    0000003e     rgb.obj (.text:RGB_b)
                  0000c52c    0000003e     rgb.obj (.text:RGB_d)
                  0000c56a    0000003e     rgb.obj (.text:RGB_g)
                  0000c5a8    0000003e     rgb.obj (.text:RGB_o)
                  0000c5e6    0000003e     rgb.obj (.text:RGB_p)
                  0000c624    0000003e     rgb.obj (.text:RGB_r)
                  0000c662    0000003e     rgb.obj (.text:RGB_w)
                  0000c6a0    0000003e     rgb.obj (.text:RGB_y)
                  0000c6de    0000003e     tempnew.obj (.text:TempNew_u)
                  0000c71c    0000003e     tempnew.obj (.text:TempNew_v)
                  0000c75a    0000003e     tempnew.obj (.text:TempNew_x)
                  0000c798    0000003e     tempnew.obj (.text:TempNew_z)
                  0000c7d6    0000003e     window.obj (.text:Window_m)
                  0000c814    0000003e     window.obj (.text:Window_n)
                  0000c852    00000036     wx315.obj (.text:v0)
                  0000c888    00000036     wx315.obj (.text:v1)
                  0000c8be    00000036     wx315.obj (.text:v2)
                  0000c8f4    00000034     key.obj (.text:P2_IODect)
                  0000c928    00000032     key.obj (.text:P1_IODect)
                  0000c95a    0000002c     HC05.obj (.text:Init_HC05)
                  0000c986    0000002c     rts430_eabi.lib : div16s.obj (.text)
                  0000c9b2    00000024     main.obj (.text:P13_Onclick)
                  0000c9d6    00000020     key.obj (.text:Ir_Init)
                  0000c9f6    00000020     key.obj (.text:MQ2_Init)
                  0000ca16    00000020     key.obj (.text:Sound_Init)
                  0000ca36    00000020     HC05.obj (.text:USART_RECEIVE)
                  0000ca56    0000001e     key.obj (.text:PORT1_ISR)
                  0000ca74    0000001e     key.obj (.text:PORT2_ISR)
                  0000ca92    0000001a     rts430_eabi.lib : boot.obj (.text:_c_int00_noexit)
                  0000caac    00000016     key.obj (.text:Key_Init)
                  0000cac2    00000016     rts430_eabi.lib : div16u.obj (.text)
                  0000cad8    00000014     wdt.obj (.text:WDT_ISR)
                  0000caec    00000014     rts430_eabi.lib : copy_zero_init.obj (.text:decompress:ZI:__TI_zero_init)
                  0000cb00    00000012     clock.obj (.text:Clock_Init)
                  0000cb12    00000012     TimerA.obj (.text:TimerA_Init)
                  0000cb24    00000012     rts430_eabi.lib : copy_decompress_none.obj (.text:decompress:none:__TI_decompress_none)
                  0000cb36    00000012     led.obj (.text:led_init)
                  0000cb48    00000012     rts430_eabi.lib : memcpy.obj (.text:memcpy)
                  0000cb5a    00000010     HC05.obj (.text:UartPutchar)
                  0000cb6a    00000010     rts430_eabi.lib : epilog.obj (.text)
                  0000cb7a    0000000e     wx315.obj (.text:WX315_Init)
                  0000cb88    0000000c     wdt.obj (.text:WDT_Init)
                  0000cb94    0000000a     main.obj (.text:Home_Mode_Awayhome)
                  0000cb9e    0000000a     main.obj (.text:Home_Mode_Backhome)
                  0000cba8    00000006     main.obj (.text:P17_MQ2)
                  0000cbae    00000006     main.obj (.text:P24_Sound)
                  0000cbb4    00000006     main.obj (.text:P25_Ir)
                  0000cbba    00000006     rts430_eabi.lib : isr_trap.obj (.text:__TI_ISR_TRAP)
                  0000cbc0    00000006                     : copy_decompress_rle.obj (.text:decompress:rle24:__TI_decompress_rle24)
                  0000cbc6    00000006     led.obj (.text:led0_off)
                  0000cbcc    00000006     led.obj (.text:led0_on)
                  0000cbd2    00000004     rts430_eabi.lib : pre_init.obj (.text:_system_pre_init)
                  0000cbd6    00000004                     : exit.obj (.text:abort)

.cinit     0    0000cbda    0000002e     
                  0000cbda    0000001b     (.cinit..data.load) [load image, compression = rle]
                  0000cbf5    00000001     --HOLE-- [fill = 0]
                  0000cbf6    00000006     (__TI_handler_table)
                  0000cbfc    00000004     (.cinit..bss.load) [load image, compression = zero_init]
                  0000cc00    00000008     (__TI_cinit_table)

PORT1      0    0000ffe4    00000002     
                  0000ffe4    00000002     key.obj (.int02)

PORT2      0    0000ffe6    00000002     
                  0000ffe6    00000002     key.obj (.int03)

ADC10      0    0000ffea    00000002     
                  0000ffea    00000002     rts430_eabi.lib : int05.obj (.int05)

USCIAB0TX 
*          0    0000ffec    00000002     
                  0000ffec    00000002     rts430_eabi.lib : int06.obj (.int06)

USCIAB0RX 
*          0    0000ffee    00000002     
                  0000ffee    00000002     HC05.obj (.int07)

TIMER0_A1 
*          0    0000fff0    00000002     
                  0000fff0    00000002     rts430_eabi.lib : int08.obj (.int08)

TIMER0_A0 
*          0    0000fff2    00000002     
                  0000fff2    00000002     main.obj (.int09)

WDT        0    0000fff4    00000002     
                  0000fff4    00000002     wdt.obj (.int10)

COMPARATORA 
*          0    0000fff6    00000002     
                  0000fff6    00000002     rts430_eabi.lib : int11.obj (.int11)

TIMER1_A1 
*          0    0000fff8    00000002     
                  0000fff8    00000002     rts430_eabi.lib : int12.obj (.int12)

TIMER1_A0 
*          0    0000fffa    00000002     
                  0000fffa    00000002     rts430_eabi.lib : int13.obj (.int13)

NMI        0    0000fffc    00000002     
                  0000fffc    00000002     rts430_eabi.lib : int14.obj (.int14)

.reset     0    0000fffe    00000002     
                  0000fffe    00000002     rts430_eabi.lib : boot.obj (.reset)


LINKER GENERATED COPY TABLES

__TI_cinit_table @ 0000cc00 records: 2, size/record: 4, table size: 8
	.data: load addr=0000cbda, load size=0000001b bytes, run addr=00000200, run size=00000027 bytes, compression=rle
	.bss: load addr=0000cbfc, load size=00000004 bytes, run addr=00000227, run size=00000005 bytes, compression=zero_init


LINKER GENERATED HANDLER TABLE

__TI_handler_table @ 0000cbf6 records: 3, size/record: 2, table size: 6
	index: 0, handler: __TI_zero_init
	index: 1, handler: __TI_decompress_rle24
	index: 2, handler: __TI_decompress_none


GLOBAL SYMBOLS: SORTED ALPHABETICALLY BY Name 

address    name
--------   ----
0000004a   ADC10AE0
000001b0   ADC10CTL0
000001b2   ADC10CTL1
00000048   ADC10DTC0
00000049   ADC10DTC1
000001b4   ADC10MEM
000001bc   ADC10SA
00000057   BCSCTL1
00000058   BCSCTL2
00000053   BCSCTL3
0000cbd6   C$$EXIT
00000059   CACTL1
0000005a   CACTL2
000010fb   CALBC1_12MHZ
000010f9   CALBC1_16MHZ
000010ff   CALBC1_1MHZ
000010fd   CALBC1_8MHZ
000010fa   CALDCO_12MHZ
000010f8   CALDCO_16MHZ
000010fe   CALDCO_1MHZ
000010fc   CALDCO_8MHZ
0000005b   CAPD
00000227   CheckData_temp
0000cb00   Clock_Init
00000056   DCOCTL
00000228   DHT11RH_Data_H
00000229   DHT11RH_Data_L
0000022a   DHT11T_Data_H
0000022b   DHT11T_Data_L
0000c422   DHT11_ReadChar
00000128   FCTL1
0000012a   FCTL2
0000012c   FCTL3
0000cb94   Home_Mode_Awayhome
0000cb9e   Home_Mode_Backhome
0000c2f2   Home_Mode_Romatic
00000000   IE1
00000001   IE2
00000002   IFG1
00000003   IFG2
0000c95a   Init_HC05
0000c9d6   Ir_Init
0000caac   Key_Init
0000c9f6   MQ2_Init
0000c9b2   P13_Onclick
0000cba8   P17_MQ2
00000022   P1DIR
00000025   P1IE
00000024   P1IES
00000023   P1IFG
00000020   P1IN
00000021   P1OUT
00000027   P1REN
00000026   P1SEL
00000041   P1SEL2
0000c928   P1_IODect
0000cbae   P24_Sound
0000cbb4   P25_Ir
0000002a   P2DIR
0000002d   P2IE
0000002c   P2IES
0000002b   P2IFG
00000028   P2IN
00000029   P2OUT
0000002f   P2REN
0000002e   P2SEL
00000042   P2SEL2
0000c8f4   P2_IODect
0000001a   P3DIR
00000018   P3IN
00000019   P3OUT
00000010   P3REN
0000001b   P3SEL
00000043   P3SEL2
0000ca56   PORT1_ISR
0000ca74   PORT2_ISR
0000c4ee   RGB_b
0000c52c   RGB_d
0000c56a   RGB_g
0000c5a8   RGB_o
0000c5e6   RGB_p
0000c624   RGB_r
0000c662   RGB_w
0000c6a0   RGB_y
0000ca16   Sound_Init
00000172   TA0CCR0
00000174   TA0CCR1
00000176   TA0CCR2
00000162   TA0CCTL0
00000164   TA0CCTL1
00000166   TA0CCTL2
00000160   TA0CTL
0000012e   TA0IV
00000170   TA0R
00000192   TA1CCR0
00000194   TA1CCR1
00000196   TA1CCR2
00000182   TA1CCTL0
00000184   TA1CCTL1
00000186   TA1CCTL2
00000180   TA1CTL
0000011e   TA1IV
00000190   TA1R
0000c6de   TempNew_u
0000c71c   TempNew_v
0000c75a   TempNew_x
0000c798   TempNew_z
0000cb12   TimerA_Init
0000c264   Timer_A
0000005d   UCA0ABCTL
00000062   UCA0BR0
00000063   UCA0BR1
00000060   UCA0CTL0
00000061   UCA0CTL1
0000005f   UCA0IRRCTL
0000005e   UCA0IRTCTL
00000064   UCA0MCTL
00000066   UCA0RXBUF
00000065   UCA0STAT
00000067   UCA0TXBUF
0000006a   UCB0BR0
0000006b   UCB0BR1
00000068   UCB0CTL0
00000069   UCB0CTL1
0000006c   UCB0I2CIE
00000118   UCB0I2COA
0000011a   UCB0I2CSA
0000006e   UCB0RXBUF
0000006d   UCB0STAT
0000006f   UCB0TXBUF
0000ca36   USART_RECEIVE
0000cb5a   UartPutchar
00000120   WDTCTL
0000cad8   WDT_ISR
0000cb88   WDT_Init
0000cb7a   WX315_Init
0000c7d6   Window_m
0000c814   Window_n
00000400   __STACK_END
00000050   __STACK_SIZE
0000cc00   __TI_CINIT_Base
0000cc08   __TI_CINIT_Limit
0000cbf6   __TI_Handler_Table_Base
0000cbfc   __TI_Handler_Table_Limit
UNDEFED    __TI_INITARRAY_Base
UNDEFED    __TI_INITARRAY_Limit
0000cbba   __TI_ISR_TRAP
00000001   __TI_args_main
0000cb24   __TI_decompress_none
0000cbc0   __TI_decompress_rle24
00000001   __TI_exit
0000ffe4   __TI_int02
0000ffe6   __TI_int03
0000ffea   __TI_int05
0000ffec   __TI_int06
0000ffee   __TI_int07
0000fff0   __TI_int08
0000fff2   __TI_int09
0000fff4   __TI_int10
0000fff6   __TI_int11
0000fff8   __TI_int12
0000fffa   __TI_int13
0000fffc   __TI_int14
0000caec   __TI_zero_init
ffffffff   __binit__
ffffffff   __c_args__
0000c986   __mspabi_divi
0000cac2   __mspabi_divu
0000cb76   __mspabi_func_epilog_1
0000cb74   __mspabi_func_epilog_2
0000cb72   __mspabi_func_epilog_3
0000cb70   __mspabi_func_epilog_4
0000cb6e   __mspabi_func_epilog_5
0000cb6c   __mspabi_func_epilog_6
0000cb6a   __mspabi_func_epilog_7
0000c986   __mspabi_remi
0000cac2   __mspabi_remu
0000c3c4   _auto_init
0000ca92   _c_int00
0000ca92   _c_int00_noexit
0000fffe   _reset_vector
000003b0   _stack
0000cbd2   _system_pre_init
0000cbd6   abort
ffffffff   binit
0000020e   c
0000021e   ch
00000208   cnt_128us
00000214   cnt_315_tx
0000c4ae   dht11
00000212   flag_315_tx
00000216   flag_bt_en
0000021a   flag_ir
00000218   flag_mq2
0000021c   flag_sound
00000204   flag_uart_temp
0000020c   h
00000200   i
0000cbc6   led0_off
0000cbcc   led0_on
0000cb36   led_init
0000c000   main
0000cb48   memcpy
0000c1ae   start_DHT11
0000020a   t
00000210   temp_tx_flag
00000202   uart_temp
0000c852   v0
0000c888   v1
0000c8be   v2
0000c46c   v3
00000206   wx315_m


GLOBAL SYMBOLS: SORTED BY Symbol Address 

address    name
--------   ----
00000000   IE1
00000001   IE2
00000001   __TI_args_main
00000001   __TI_exit
00000002   IFG1
00000003   IFG2
00000010   P3REN
00000018   P3IN
00000019   P3OUT
0000001a   P3DIR
0000001b   P3SEL
00000020   P1IN
00000021   P1OUT
00000022   P1DIR
00000023   P1IFG
00000024   P1IES
00000025   P1IE
00000026   P1SEL
00000027   P1REN
00000028   P2IN
00000029   P2OUT
0000002a   P2DIR
0000002b   P2IFG
0000002c   P2IES
0000002d   P2IE
0000002e   P2SEL
0000002f   P2REN
00000041   P1SEL2
00000042   P2SEL2
00000043   P3SEL2
00000048   ADC10DTC0
00000049   ADC10DTC1
0000004a   ADC10AE0
00000050   __STACK_SIZE
00000053   BCSCTL3
00000056   DCOCTL
00000057   BCSCTL1
00000058   BCSCTL2
00000059   CACTL1
0000005a   CACTL2
0000005b   CAPD
0000005d   UCA0ABCTL
0000005e   UCA0IRTCTL
0000005f   UCA0IRRCTL
00000060   UCA0CTL0
00000061   UCA0CTL1
00000062   UCA0BR0
00000063   UCA0BR1
00000064   UCA0MCTL
00000065   UCA0STAT
00000066   UCA0RXBUF
00000067   UCA0TXBUF
00000068   UCB0CTL0
00000069   UCB0CTL1
0000006a   UCB0BR0
0000006b   UCB0BR1
0000006c   UCB0I2CIE
0000006d   UCB0STAT
0000006e   UCB0RXBUF
0000006f   UCB0TXBUF
00000118   UCB0I2COA
0000011a   UCB0I2CSA
0000011e   TA1IV
00000120   WDTCTL
00000128   FCTL1
0000012a   FCTL2
0000012c   FCTL3
0000012e   TA0IV
00000160   TA0CTL
00000162   TA0CCTL0
00000164   TA0CCTL1
00000166   TA0CCTL2
00000170   TA0R
00000172   TA0CCR0
00000174   TA0CCR1
00000176   TA0CCR2
00000180   TA1CTL
00000182   TA1CCTL0
00000184   TA1CCTL1
00000186   TA1CCTL2
00000190   TA1R
00000192   TA1CCR0
00000194   TA1CCR1
00000196   TA1CCR2
000001b0   ADC10CTL0
000001b2   ADC10CTL1
000001b4   ADC10MEM
000001bc   ADC10SA
00000200   i
00000202   uart_temp
00000204   flag_uart_temp
00000206   wx315_m
00000208   cnt_128us
0000020a   t
0000020c   h
0000020e   c
00000210   temp_tx_flag
00000212   flag_315_tx
00000214   cnt_315_tx
00000216   flag_bt_en
00000218   flag_mq2
0000021a   flag_ir
0000021c   flag_sound
0000021e   ch
00000227   CheckData_temp
00000228   DHT11RH_Data_H
00000229   DHT11RH_Data_L
0000022a   DHT11T_Data_H
0000022b   DHT11T_Data_L
000003b0   _stack
00000400   __STACK_END
000010f8   CALDCO_16MHZ
000010f9   CALBC1_16MHZ
000010fa   CALDCO_12MHZ
000010fb   CALBC1_12MHZ
000010fc   CALDCO_8MHZ
000010fd   CALBC1_8MHZ
000010fe   CALDCO_1MHZ
000010ff   CALBC1_1MHZ
0000c000   main
0000c1ae   start_DHT11
0000c264   Timer_A
0000c2f2   Home_Mode_Romatic
0000c3c4   _auto_init
0000c422   DHT11_ReadChar
0000c46c   v3
0000c4ae   dht11
0000c4ee   RGB_b
0000c52c   RGB_d
0000c56a   RGB_g
0000c5a8   RGB_o
0000c5e6   RGB_p
0000c624   RGB_r
0000c662   RGB_w
0000c6a0   RGB_y
0000c6de   TempNew_u
0000c71c   TempNew_v
0000c75a   TempNew_x
0000c798   TempNew_z
0000c7d6   Window_m
0000c814   Window_n
0000c852   v0
0000c888   v1
0000c8be   v2
0000c8f4   P2_IODect
0000c928   P1_IODect
0000c95a   Init_HC05
0000c986   __mspabi_divi
0000c986   __mspabi_remi
0000c9b2   P13_Onclick
0000c9d6   Ir_Init
0000c9f6   MQ2_Init
0000ca16   Sound_Init
0000ca36   USART_RECEIVE
0000ca56   PORT1_ISR
0000ca74   PORT2_ISR
0000ca92   _c_int00
0000ca92   _c_int00_noexit
0000caac   Key_Init
0000cac2   __mspabi_divu
0000cac2   __mspabi_remu
0000cad8   WDT_ISR
0000caec   __TI_zero_init
0000cb00   Clock_Init
0000cb12   TimerA_Init
0000cb24   __TI_decompress_none
0000cb36   led_init
0000cb48   memcpy
0000cb5a   UartPutchar
0000cb6a   __mspabi_func_epilog_7
0000cb6c   __mspabi_func_epilog_6
0000cb6e   __mspabi_func_epilog_5
0000cb70   __mspabi_func_epilog_4
0000cb72   __mspabi_func_epilog_3
0000cb74   __mspabi_func_epilog_2
0000cb76   __mspabi_func_epilog_1
0000cb7a   WX315_Init
0000cb88   WDT_Init
0000cb94   Home_Mode_Awayhome
0000cb9e   Home_Mode_Backhome
0000cba8   P17_MQ2
0000cbae   P24_Sound
0000cbb4   P25_Ir
0000cbba   __TI_ISR_TRAP
0000cbc0   __TI_decompress_rle24
0000cbc6   led0_off
0000cbcc   led0_on
0000cbd2   _system_pre_init
0000cbd6   C$$EXIT
0000cbd6   abort
0000cbf6   __TI_Handler_Table_Base
0000cbfc   __TI_Handler_Table_Limit
0000cc00   __TI_CINIT_Base
0000cc08   __TI_CINIT_Limit
0000ffe4   __TI_int02
0000ffe6   __TI_int03
0000ffea   __TI_int05
0000ffec   __TI_int06
0000ffee   __TI_int07
0000fff0   __TI_int08
0000fff2   __TI_int09
0000fff4   __TI_int10
0000fff6   __TI_int11
0000fff8   __TI_int12
0000fffa   __TI_int13
0000fffc   __TI_int14
0000fffe   _reset_vector
ffffffff   __binit__
ffffffff   __c_args__
ffffffff   binit
UNDEFED    __TI_INITARRAY_Base
UNDEFED    __TI_INITARRAY_Limit

[212 symbols]
